// Jest Snapshot v1, https://goo.gl/fbAQLP

exports[`integrates together 1`] = `
"### This file was autogenerated by GraphQL Nexus
### Do not make changes to this file directly


type A {
  hash: String!
  id: Int!
}

type Query {
  ok: Boolean!
}
"
`;

exports[`integrates together 2`] = `
"import * as photon from '@generated/photon';
import { core } from 'nexus';
// Types helpers
  type ModelNameExistsInGraphQLType<
  ReturnType extends any
> = ReturnType extends core.GetGen<'objectNames'> ? true : false;

type NexusPrismaScalarOpts = {
  alias?: string;
};

type Pagination = {
  first?: boolean;
  last?: boolean;
  before?: boolean;
  after?: boolean;
  skip?: boolean;
};

type RootObjectTypes = Pick<
  core.GetGen<'rootTypes'>,
  core.GetGen<'objectNames'>
>;

type IsSubset<A, B> = keyof A extends never
  ? false
  : B extends A
  ? true
  : false;

type OmitByValue<T, ValueType> = Pick<
  T,
  { [Key in keyof T]: T[Key] extends ValueType ? never : Key }[keyof T]
>;

type GetSubsetTypes<ModelName extends any> = keyof OmitByValue<
  {
    [P in keyof RootObjectTypes]: ModelName extends keyof ModelTypes
      ? IsSubset<RootObjectTypes[P], ModelTypes[ModelName]> extends true
        ? RootObjectTypes[P]
        : never
      : never;
  },
  never
>;

type SubsetTypes<ModelName extends any> = GetSubsetTypes<
  ModelName
> extends never
  ? \`ERROR: No subset types are available. Please make sure that one of your GraphQL type is a subset of your t.model('<ModelName>')\`
  : GetSubsetTypes<ModelName>;

type DynamicRequiredType<ReturnType extends any> = ModelNameExistsInGraphQLType<
  ReturnType
> extends true
  ? { type?: SubsetTypes<ReturnType> }
  : { type: SubsetTypes<ReturnType> };

type GetNexusPrismaInput<
  ModelName extends any,
  MethodName extends any,
  InputName extends 'filtering' | 'ordering'
> = ModelName extends keyof NexusPrismaInputs
  ? MethodName extends keyof NexusPrismaInputs[ModelName]
    ? NexusPrismaInputs[ModelName][MethodName][InputName]
    : never
  : never;

type NexusPrismaRelationOpts<
  ModelName extends any,
  MethodName extends any,
  ReturnType extends any
> = GetNexusPrismaInput<
  // If GetNexusPrismaInput returns never, it means there are no filtering/ordering args for it. So just use \`alias\` and \`type\`
  ModelName,
  MethodName,
  'filtering'
> extends never
  ? {
      alias?: string;
    } & DynamicRequiredType<ReturnType>
  : {
      alias?: string;
      filtering?:
        | boolean
        | Partial<
            Record<
              GetNexusPrismaInput<ModelName, MethodName, 'filtering'>,
              boolean
            >
          >;
      ordering?:
        | boolean
        | Partial<
            Record<
              GetNexusPrismaInput<ModelName, MethodName, 'ordering'>,
              boolean
            >
          >;
      pagination?: boolean | Pagination;
    } & DynamicRequiredType<ReturnType>;

type IsScalar<TypeName extends any> = TypeName extends core.GetGen<
  'scalarNames'
>
  ? true
  : false;

type NexusPrismaFields<ModelName extends keyof NexusPrismaTypes> = {
  [MethodName in keyof NexusPrismaTypes[ModelName]]: NexusPrismaMethod<
    ModelName,
    MethodName,
    IsScalar<NexusPrismaTypes[ModelName][MethodName]> // Is the return type a scalar?
  >;
};

type NexusPrismaMethod<
  ModelName extends keyof NexusPrismaTypes,
  MethodName extends keyof NexusPrismaTypes[ModelName],
  IsScalar extends boolean,
  ReturnType extends any = NexusPrismaTypes[ModelName][MethodName]
> = IsScalar extends true // If scalar
  ? (opts?: NexusPrismaScalarOpts) => NexusPrismaFields<ModelName> // Return optional scalar opts
  : ModelNameExistsInGraphQLType<ReturnType> extends true // If model name has a mapped graphql types
  ? (
      opts?: NexusPrismaRelationOpts<ModelName, MethodName, ReturnType>
    ) => NexusPrismaFields<ModelName> // Then make opts optional
  : (
      opts: NexusPrismaRelationOpts<ModelName, MethodName, ReturnType>
    ) => NexusPrismaFields<ModelName>; // Else force use input the related graphql type -> { type: '...' }

type GetNexusPrismaMethod<
  TypeName extends string
> = TypeName extends keyof NexusPrismaMethods
  ? NexusPrismaMethods[TypeName]
  : <CustomTypeName extends keyof ModelTypes>(
      typeName: CustomTypeName
    ) => NexusPrismaMethods[CustomTypeName];

type GetNexusPrisma<
  TypeName extends string,
  ModelOrCrud extends 'model' | 'crud'
> = ModelOrCrud extends 'model'
  ? TypeName extends 'Mutation'
    ? never
    : TypeName extends 'Query'
    ? never
    : GetNexusPrismaMethod<TypeName>
  : ModelOrCrud extends 'crud'
  ? TypeName extends 'Mutation'
    ? GetNexusPrismaMethod<TypeName>
    : TypeName extends 'Query'
    ? GetNexusPrismaMethod<TypeName>
    : never
  : never;
  

// Generated
interface ModelTypes {
  A: photon.A
}
  
interface NexusPrismaInputs {
  Query: {
    as: {
  filtering: 'id' | 'AND' | 'OR' | 'NOT'
  ordering: 'id'
}

  },
    A: {


  }
}

interface NexusPrismaTypes {
  Query: {
    as: 'A'
    a: 'A'

  },
  Mutation: {
    createOneA: 'A'
    deleteOneA: 'A'
    updateOneA: 'A'
    updateManyA: 'BatchPayload'
    deleteManyA: 'BatchPayload'

  },
  A: {
    id: 'Int'

}
}

interface NexusPrismaMethods {
  A: NexusPrismaFields<'A'>
  Query: NexusPrismaFields<'Query'>
  Mutation: NexusPrismaFields<'Mutation'>
}
  

declare global {
  type NexusPrisma<
    TypeName extends string,
    ModelOrCrud extends 'model' | 'crud'
  > = GetNexusPrisma<TypeName, ModelOrCrud>;
}
  "
`;

exports[`integrates together 3`] = `
"/**
 * This file was automatically generated by GraphQL Nexus
 * Do not make changes to this file directly
 */





declare global {
  interface NexusGenCustomOutputProperties<TypeName extends string> {
    crud: NexusPrisma<TypeName, 'crud'>
    model: NexusPrisma<TypeName, 'model'>
  }
}

declare global {
  interface NexusGen extends NexusGenTypes {}
}

export interface NexusGenInputs {
}

export interface NexusGenEnums {
}

export interface NexusGenRootTypes {
  A: { // root type
    hash: string; // String!
    id: number; // Int!
  }
  Query: {};
  String: string;
  Int: number;
  Float: number;
  Boolean: boolean;
  ID: string;
}

export interface NexusGenAllTypes extends NexusGenRootTypes {
}

export interface NexusGenFieldTypes {
  A: { // field return type
    hash: string; // String!
    id: number; // Int!
  }
  Query: { // field return type
    ok: boolean; // Boolean!
  }
}

export interface NexusGenArgTypes {
}

export interface NexusGenAbstractResolveReturnTypes {
}

export interface NexusGenInheritedFields {}

export type NexusGenObjectNames = \\"A\\" | \\"Query\\";

export type NexusGenInputNames = never;

export type NexusGenEnumNames = never;

export type NexusGenInterfaceNames = never;

export type NexusGenScalarNames = \\"Boolean\\" | \\"Float\\" | \\"ID\\" | \\"Int\\" | \\"String\\";

export type NexusGenUnionNames = never;

export interface NexusGenTypes {
  context: any;
  inputTypes: NexusGenInputs;
  rootTypes: NexusGenRootTypes;
  argTypes: NexusGenArgTypes;
  fieldTypes: NexusGenFieldTypes;
  allTypes: NexusGenAllTypes;
  inheritedFields: NexusGenInheritedFields;
  objectNames: NexusGenObjectNames;
  inputNames: NexusGenInputNames;
  enumNames: NexusGenEnumNames;
  interfaceNames: NexusGenInterfaceNames;
  scalarNames: NexusGenScalarNames;
  unionNames: NexusGenUnionNames;
  allInputTypes: NexusGenTypes['inputNames'] | NexusGenTypes['enumNames'] | NexusGenTypes['scalarNames'];
  allOutputTypes: NexusGenTypes['objectNames'] | NexusGenTypes['enumNames'] | NexusGenTypes['unionNames'] | NexusGenTypes['interfaceNames'] | NexusGenTypes['scalarNames'];
  allNamedTypes: NexusGenTypes['allInputTypes'] | NexusGenTypes['allOutputTypes']
  abstractTypes: NexusGenTypes['interfaceNames'] | NexusGenTypes['unionNames'];
  abstractResolveReturn: NexusGenAbstractResolveReturnTypes;
}"
`;
